// Jest Snapshot v1, https://goo.gl/fbAQLP

exports[`Mounting Skill Category Should match the snapshot 1`] = `
ShallowWrapper {
  Symbol(enzyme.__root__): [Circular],
  Symbol(enzyme.__unrendered__): <SkillCategory
    category={
      Object {
        "skills": Array [],
        "title": Object {
          "EN": "title",
        },
      }
    }
    categoryName="tools"
    selectedLanguage="EN"
  />,
  Symbol(enzyme.__renderer__): Object {
    "batchedUpdates": [Function],
    "checkPropTypes": [Function],
    "getNode": [Function],
    "render": [Function],
    "simulateError": [Function],
    "simulateEvent": [Function],
    "unmount": [Function],
  },
  Symbol(enzyme.__node__): Object {
    "instance": null,
    "key": undefined,
    "nodeType": "host",
    "props": Object {
      "children": Array [
        <div
          className="skillCategoryHeader"
        >
          <h3>
            title
          </h3>
          <img
            alt="tools"
            height="100px"
            src={
              Object {
                "ReactComponent": [Function],
                "__esModule": true,
                "default": "icon-tools.svg",
              }
            }
          />
        </div>,
        <div />,
      ],
      "className": "skillCategory",
    },
    "ref": null,
    "rendered": Array [
      Object {
        "instance": null,
        "key": undefined,
        "nodeType": "host",
        "props": Object {
          "children": Array [
            <h3>
              title
            </h3>,
            <img
              alt="tools"
              height="100px"
              src={
                Object {
                  "ReactComponent": [Function],
                  "__esModule": true,
                  "default": "icon-tools.svg",
                }
              }
            />,
          ],
          "className": "skillCategoryHeader",
        },
        "ref": null,
        "rendered": Array [
          Object {
            "instance": null,
            "key": undefined,
            "nodeType": "host",
            "props": Object {
              "children": "title",
            },
            "ref": null,
            "rendered": "title",
            "type": "h3",
          },
          Object {
            "instance": null,
            "key": undefined,
            "nodeType": "host",
            "props": Object {
              "alt": "tools",
              "height": "100px",
              "src": Object {
                "ReactComponent": [Function],
                "__esModule": true,
                "default": "icon-tools.svg",
              },
            },
            "ref": null,
            "rendered": null,
            "type": "img",
          },
        ],
        "type": "div",
      },
      Object {
        "instance": null,
        "key": undefined,
        "nodeType": "host",
        "props": Object {
          "children": Array [],
        },
        "ref": null,
        "rendered": Array [],
        "type": "div",
      },
    ],
    "type": "div",
  },
  Symbol(enzyme.__nodes__): Array [
    Object {
      "instance": null,
      "key": undefined,
      "nodeType": "host",
      "props": Object {
        "children": Array [
          <div
            className="skillCategoryHeader"
          >
            <h3>
              title
            </h3>
            <img
              alt="tools"
              height="100px"
              src={
                Object {
                  "ReactComponent": [Function],
                  "__esModule": true,
                  "default": "icon-tools.svg",
                }
              }
            />
          </div>,
          <div />,
        ],
        "className": "skillCategory",
      },
      "ref": null,
      "rendered": Array [
        Object {
          "instance": null,
          "key": undefined,
          "nodeType": "host",
          "props": Object {
            "children": Array [
              <h3>
                title
              </h3>,
              <img
                alt="tools"
                height="100px"
                src={
                  Object {
                    "ReactComponent": [Function],
                    "__esModule": true,
                    "default": "icon-tools.svg",
                  }
                }
              />,
            ],
            "className": "skillCategoryHeader",
          },
          "ref": null,
          "rendered": Array [
            Object {
              "instance": null,
              "key": undefined,
              "nodeType": "host",
              "props": Object {
                "children": "title",
              },
              "ref": null,
              "rendered": "title",
              "type": "h3",
            },
            Object {
              "instance": null,
              "key": undefined,
              "nodeType": "host",
              "props": Object {
                "alt": "tools",
                "height": "100px",
                "src": Object {
                  "ReactComponent": [Function],
                  "__esModule": true,
                  "default": "icon-tools.svg",
                },
              },
              "ref": null,
              "rendered": null,
              "type": "img",
            },
          ],
          "type": "div",
        },
        Object {
          "instance": null,
          "key": undefined,
          "nodeType": "host",
          "props": Object {
            "children": Array [],
          },
          "ref": null,
          "rendered": Array [],
          "type": "div",
        },
      ],
      "type": "div",
    },
  ],
  Symbol(enzyme.__options__): Object {
    "adapter": ReactSixteenAdapter {
      "options": Object {
        "enableComponentDidUpdateOnSetState": true,
        "legacyContextMode": "parent",
        "lifecycles": Object {
          "componentDidUpdate": Object {
            "onSetState": true,
          },
          "getChildContext": Object {
            "calledByRenderer": false,
          },
          "getDerivedStateFromProps": true,
          "getSnapshotBeforeUpdate": true,
          "setState": Object {
            "skipsComponentDidUpdateOnNullish": true,
          },
        },
      },
    },
  },
}
`;
